# step: submit (exit=0)
HEAD: beta
rebase: none
status:
branches:
  alpha -> @alpha-second tree=e54b8f19770cf9f4524315a494fa1841c9119d86
  beta -> @beta-third tree=ba5aa2276d323187f2aed6d53912dd0d251e6a23
  main -> @root-commit tree=a07f2b069c073411c0eacc119c56b5643617bda0
commits:
@alpha-first tree=43d252e5261405f01093f99659fe41b97b7a08ac parents=[@root-commit] alpha first
@alpha-second tree=e54b8f19770cf9f4524315a494fa1841c9119d86 parents=[@alpha-first] alpha second
@beta-first tree=b9b6bbdbbada31801a72b00c89d9fbaf7e7dc087 parents=[@alpha-second] beta first
@beta-second tree=b245abb60d0c229d15a8e02eb67d6fc92bf6838c parents=[@beta-first] beta second
@beta-third tree=ba5aa2276d323187f2aed6d53912dd0d251e6a23 parents=[@beta-second] beta third
@root-commit tree=a07f2b069c073411c0eacc119c56b5643617bda0 parents=[] root commit
metadata:
  alpha: {"parentBranchName":"main","parentBranchRevision":"@root-commit","prInfo":{"number":1,"base":"main","url":"https://example.test/pr/1","title":"[1/2] alpha second","state":"OPEN"}}
  beta: {"parentBranchName":"alpha","parentBranchRevision":"@alpha-second","prInfo":{"number":2,"base":"alpha","url":"https://example.test/pr/2","title":"[2/2] beta third","state":"OPEN"}}
