# step: untrack-alpha (exit=0)
HEAD: alpha
rebase: none
status:
branches:
  alpha -> @alpha-work tree=e7a6795824337bf7b6300a422b9b33ba4a97e8a3
  beta -> @beta-work tree=6476fd8b0607b3401632fc9dea1f5282cc0fcdf9
  main -> @root-commit tree=a07f2b069c073411c0eacc119c56b5643617bda0
commits:
@alpha-work tree=e7a6795824337bf7b6300a422b9b33ba4a97e8a3 parents=[@root-commit] alpha work
@beta-work tree=6476fd8b0607b3401632fc9dea1f5282cc0fcdf9 parents=[@alpha-work] beta work
@root-commit tree=a07f2b069c073411c0eacc119c56b5643617bda0 parents=[] root commit
metadata:
  beta: {"parentBranchName":"main","parentBranchRevision":"@alpha-work"}
