# step: sync-partial (exit=0)
HEAD: b
rebase: none
status:
branches:
  a -> @a-feature-b105c8 tree=b105c81130f794739688d2677cbdefc9abfd0672
  b -> @b-feature tree=0ba0a935e3de0096d83ae885835ee229c33f7ec4
  main -> @remote-update tree=a6da0e9e5fb2f63afd70b3c91819ef4dbab48da5
commits:
@a-feature-b105c8 tree=b105c81130f794739688d2677cbdefc9abfd0672 parents=[@remote-update] a feature
@a-feature-d1d05f tree=d1d05facfaf62836ec569a4244ae2f3445599c15 parents=[@root-commit] a feature
@b-feature tree=0ba0a935e3de0096d83ae885835ee229c33f7ec4 parents=[@a-feature-d1d05f] b feature
@remote-update tree=a6da0e9e5fb2f63afd70b3c91819ef4dbab48da5 parents=[@root-commit] remote update
@root-commit tree=a07f2b069c073411c0eacc119c56b5643617bda0 parents=[] root commit
metadata:
  a: {"parentBranchName":"main","parentBranchRevision":"@remote-update"}
  b: {"parentBranchName":"a","parentBranchRevision":"@a-feature-d1d05f"}
