# step: move-alpha-onto-gamma (exit=0)
HEAD: alpha
rebase: none
status:
branches:
  alpha -> @alpha-feature-3b3b3e tree=3b3b3ed7990c0dc5bf69d9b048dbaa3d863d56db
  beta -> @beta-feature-6476fd tree=6476fd8b0607b3401632fc9dea1f5282cc0fcdf9
  gamma -> @gamma-feature tree=3be670dc890e7bf47662c0da6428fdaaa5403d4a
  main -> @root-commit tree=a07f2b069c073411c0eacc119c56b5643617bda0
commits:
@alpha-feature-3b3b3e tree=3b3b3ed7990c0dc5bf69d9b048dbaa3d863d56db parents=[@gamma-feature] alpha feature
@alpha-feature-e7a679 tree=e7a6795824337bf7b6300a422b9b33ba4a97e8a3 parents=[@root-commit] alpha feature
@beta-feature-6476fd tree=6476fd8b0607b3401632fc9dea1f5282cc0fcdf9 parents=[@alpha-feature-e7a679] beta feature
@beta-feature-1123c8 tree=1123c87a6f1615b1f52143836e452a46914f9994 parents=[@root-commit] beta feature
@gamma-feature tree=3be670dc890e7bf47662c0da6428fdaaa5403d4a parents=[@beta-feature-1123c8] gamma feature
@root-commit tree=a07f2b069c073411c0eacc119c56b5643617bda0 parents=[] root commit
metadata:
  alpha: {"parentBranchName":"gamma","parentBranchRevision":"@gamma-feature"}
  beta: {"parentBranchName":"main","parentBranchRevision":"@root-commit"}
  gamma: {"parentBranchName":"beta","parentBranchRevision":"@beta-feature-6476fd"}
