# step: submit (exit=0)
HEAD: beta
rebase: none
status:
branches:
  alpha -> @alpha-feature tree=e7a6795824337bf7b6300a422b9b33ba4a97e8a3
  beta -> @beta-feature tree=6476fd8b0607b3401632fc9dea1f5282cc0fcdf9
  main -> @root-commit tree=a07f2b069c073411c0eacc119c56b5643617bda0
commits:
@alpha-feature tree=e7a6795824337bf7b6300a422b9b33ba4a97e8a3 parents=[@root-commit] alpha feature
@beta-feature tree=6476fd8b0607b3401632fc9dea1f5282cc0fcdf9 parents=[@alpha-feature] beta feature
@root-commit tree=a07f2b069c073411c0eacc119c56b5643617bda0 parents=[] root commit
metadata:
  alpha: {"parentBranchName":"main","parentBranchRevision":"@root-commit","prInfo":{"number":1,"base":"main","url":"https://example.test/pr/1","title":"[1/2] alpha feature","state":"OPEN"}}
  beta: {"parentBranchName":"alpha","parentBranchRevision":"@alpha-feature","prInfo":{"number":2,"base":"alpha","url":"https://example.test/pr/2","title":"[2/2] beta feature","state":"OPEN"}}
