# step: move-gamma (exit=0)
HEAD: gamma
rebase: none
status:
branches:
  alpha -> @alpha-feature tree=e7a6795824337bf7b6300a422b9b33ba4a97e8a3
  beta -> @beta-feature tree=1123c87a6f1615b1f52143836e452a46914f9994
  gamma -> @gamma-feature tree=3be670dc890e7bf47662c0da6428fdaaa5403d4a
  main -> @root-commit tree=a07f2b069c073411c0eacc119c56b5643617bda0
commits:
@alpha-feature tree=e7a6795824337bf7b6300a422b9b33ba4a97e8a3 parents=[@root-commit] alpha feature
@beta-feature tree=1123c87a6f1615b1f52143836e452a46914f9994 parents=[@root-commit] beta feature
@gamma-feature tree=3be670dc890e7bf47662c0da6428fdaaa5403d4a parents=[@beta-feature] gamma feature
@root-commit tree=a07f2b069c073411c0eacc119c56b5643617bda0 parents=[] root commit
metadata:
  alpha: {"parentBranchName":"main","parentBranchRevision":"@root-commit"}
  beta: {"parentBranchName":"main","parentBranchRevision":"@root-commit"}
  gamma: {"parentBranchName":"beta","parentBranchRevision":"@beta-feature"}
