# step: create-beta (exit=0)
HEAD: beta
rebase: none
status:
branches:
  alpha -> @alpha-feature tree=36f0e0fc6f49c4fc8fbe79a732604f308af8a696
  beta -> @beta-feature tree=c8546cee277035eb7748247508decbf6e7ea7a8d
  main -> @root-commit tree=c010266bc762d5b330b0ed22edf3694cec0b81d1
commits:
@alpha-feature tree=36f0e0fc6f49c4fc8fbe79a732604f308af8a696 parents=[@root-commit] alpha feature
@beta-feature tree=c8546cee277035eb7748247508decbf6e7ea7a8d parents=[@alpha-feature] beta feature
@root-commit tree=c010266bc762d5b330b0ed22edf3694cec0b81d1 parents=[] root commit
metadata:
  alpha: {"parentBranchName":"main","parentBranchRevision":"@root-commit"}
  beta: {"parentBranchName":"alpha","parentBranchRevision":"@alpha-feature"}
