# step: continue-restack (exit=0)
HEAD: alpha
rebase: none
status:
branches:
  alpha -> @alpha-feature tree=93af0039c88ac1eb718d12ad051052b0aaf8fa99
  beta -> @beta-feature tree=1f1728031897ce128d1ef9f1a9040988992709d4
  main -> @root-commit tree=c010266bc762d5b330b0ed22edf3694cec0b81d1
commits:
@alpha-feature tree=93af0039c88ac1eb718d12ad051052b0aaf8fa99 parents=[@root-commit] alpha feature
@beta-feature tree=1f1728031897ce128d1ef9f1a9040988992709d4 parents=[@alpha-feature] beta feature
@root-commit tree=c010266bc762d5b330b0ed22edf3694cec0b81d1 parents=[] root commit
metadata:
  alpha: {"parentBranchName":"main","parentBranchRevision":"@root-commit"}
  beta: {"parentBranchName":"alpha","parentBranchRevision":"@alpha-feature"}
